// Vitest Snapshot v1, https://vitest.dev/guide/snapshot.html

exports[`the full state matrix > matches the reviewed snapshot — a diff here is a behavior change 1`] = `
[
  "damage friendly --- · ··· → source groups ui.logs.chart-dps-label fetch",
  "damage friendly --- · win → source groups ui.logs.chart-dps-label fetch",
  "damage friendly --- source ··· → source groups ui.logs.chart-dps-label fetch",
  "damage friendly --- source win → source groups ui.logs.chart-dps-label fetch",
  "damage friendly --- ability ··· → ability groups ui.logs.chart-drill-ability-label fetch",
  "damage friendly --- ability win → ability groups ui.logs.chart-drill-ability-label fetch",
  "damage friendly --- target ··· → target groups ui.logs.chart-drill-target-label fetch",
  "damage friendly --- target win → target groups ui.logs.chart-drill-target-label fetch",
  "damage friendly --T · ··· → source groups ui.logs.chart-dps-label fetch",
  "damage friendly --T · win → source groups ui.logs.chart-dps-label fetch",
  "damage friendly --T source ··· → source groups ui.logs.chart-dps-label fetch",
  "damage friendly --T source win → source groups ui.logs.chart-dps-label fetch",
  "damage friendly --T ability ··· → ability groups ui.logs.chart-drill-ability-label fetch",
  "damage friendly --T ability win → ability groups ui.logs.chart-drill-ability-label fetch",
  "damage friendly --T target ··· → target groups ui.logs.chart-drill-target-label fetch",
  "damage friendly --T target win → target groups ui.logs.chart-drill-target-label fetch",
  "damage friendly -A- · ··· → source groups ui.logs.chart-dps-label fetch",
  "damage friendly -A- · win → source groups ui.logs.chart-dps-label fetch",
  "damage friendly -A- source ··· → source groups ui.logs.chart-dps-label fetch",
  "damage friendly -A- source win → source groups ui.logs.chart-dps-label fetch",
  "damage friendly -A- ability ··· → ability groups ui.logs.chart-drill-ability-label fetch",
  "damage friendly -A- ability win → ability groups ui.logs.chart-drill-ability-label fetch",
  "damage friendly -A- target ··· → target groups ui.logs.chart-drill-target-label fetch",
  "damage friendly -A- target win → target groups ui.logs.chart-drill-target-label fetch",
  "damage friendly -AT · ··· → source groups ui.logs.chart-dps-label fetch",
  "damage friendly -AT · win → source groups ui.logs.chart-dps-label fetch",
  "damage friendly -AT source ··· → source groups ui.logs.chart-dps-label fetch",
  "damage friendly -AT source win → source groups ui.logs.chart-dps-label fetch",
  "damage friendly -AT ability ··· → ability groups ui.logs.chart-drill-ability-label fetch",
  "damage friendly -AT ability win → ability groups ui.logs.chart-drill-ability-label fetch",
  "damage friendly -AT target ··· → target groups ui.logs.chart-drill-target-label fetch",
  "damage friendly -AT target win → target groups ui.logs.chart-drill-target-label fetch",
  "damage friendly S-- · ··· → ability groups ui.logs.chart-drill-ability-label fetch",
  "damage friendly S-- · win → ability groups ui.logs.chart-drill-ability-label fetch",
  "damage friendly S-- source ··· → source groups ui.logs.chart-dps-label fetch",
  "damage friendly S-- source win → source groups ui.logs.chart-dps-label fetch",
  "damage friendly S-- ability ··· → ability groups ui.logs.chart-drill-ability-label fetch",
  "damage friendly S-- ability win → ability groups ui.logs.chart-drill-ability-label fetch",
  "damage friendly S-- target ··· → target groups ui.logs.chart-drill-target-label fetch",
  "damage friendly S-- target win → target groups ui.logs.chart-drill-target-label fetch",
  "damage friendly S-T · ··· → ability groups ui.logs.chart-drill-ability-label fetch",
  "damage friendly S-T · win → ability groups ui.logs.chart-drill-ability-label fetch",
  "damage friendly S-T source ··· → source groups ui.logs.chart-dps-label fetch",
  "damage friendly S-T source win → source groups ui.logs.chart-dps-label fetch",
  "damage friendly S-T ability ··· → ability groups ui.logs.chart-drill-ability-label fetch",
  "damage friendly S-T ability win → ability groups ui.logs.chart-drill-ability-label fetch",
  "damage friendly S-T target ··· → target groups ui.logs.chart-drill-target-label fetch",
  "damage friendly S-T target win → target groups ui.logs.chart-drill-target-label fetch",
  "damage friendly SA- · ··· → target groups ui.logs.chart-drill-target-label fetch",
  "damage friendly SA- · win → target groups ui.logs.chart-drill-target-label fetch",
  "damage friendly SA- source ··· → source groups ui.logs.chart-dps-label fetch",
  "damage friendly SA- source win → source groups ui.logs.chart-dps-label fetch",
  "damage friendly SA- ability ··· → ability groups ui.logs.chart-drill-ability-label fetch",
  "damage friendly SA- ability win → ability groups ui.logs.chart-drill-ability-label fetch",
  "damage friendly SA- target ··· → target groups ui.logs.chart-drill-target-label fetch",
  "damage friendly SA- target win → target groups ui.logs.chart-drill-target-label fetch",
  "damage friendly SAT · ··· → target groups ui.logs.chart-drill-target-label fetch",
  "damage friendly SAT · win → target groups ui.logs.chart-drill-target-label fetch",
  "damage friendly SAT source ··· → source groups ui.logs.chart-dps-label fetch",
  "damage friendly SAT source win → source groups ui.logs.chart-dps-label fetch",
  "damage friendly SAT ability ··· → ability groups ui.logs.chart-drill-ability-label fetch",
  "damage friendly SAT ability win → ability groups ui.logs.chart-drill-ability-label fetch",
  "damage friendly SAT target ··· → target groups ui.logs.chart-drill-target-label fetch",
  "damage friendly SAT target win → target groups ui.logs.chart-drill-target-label fetch",
  "damage enemy --- · ··· → source groups ui.logs.chart-dps-label fetch",
  "damage enemy --- · win → source groups ui.logs.chart-dps-label fetch",
  "damage enemy --- source ··· → source groups ui.logs.chart-dps-label fetch",
  "damage enemy --- source win → source groups ui.logs.chart-dps-label fetch",
  "damage enemy --- ability ··· → ability groups ui.logs.chart-drill-ability-label fetch",
  "damage enemy --- ability win → ability groups ui.logs.chart-drill-ability-label fetch",
  "damage enemy --- target ··· → target groups ui.logs.chart-drill-target-label fetch",
  "damage enemy --- target win → target groups ui.logs.chart-drill-target-label fetch",
  "damage enemy --T · ··· → source groups ui.logs.chart-dps-label fetch",
  "damage enemy --T · win → source groups ui.logs.chart-dps-label fetch",
  "damage enemy --T source ··· → source groups ui.logs.chart-dps-label fetch",
  "damage enemy --T source win → source groups ui.logs.chart-dps-label fetch",
  "damage enemy --T ability ··· → ability groups ui.logs.chart-drill-ability-label fetch",
  "damage enemy --T ability win → ability groups ui.logs.chart-drill-ability-label fetch",
  "damage enemy --T target ··· → target groups ui.logs.chart-drill-target-label fetch",
  "damage enemy --T target win → target groups ui.logs.chart-drill-target-label fetch",
  "damage enemy -A- · ··· → source groups ui.logs.chart-dps-label fetch",
  "damage enemy -A- · win → source groups ui.logs.chart-dps-label fetch",
  "damage enemy -A- source ··· → source groups ui.logs.chart-dps-label fetch",
  "damage enemy -A- source win → source groups ui.logs.chart-dps-label fetch",
  "damage enemy -A- ability ··· → ability groups ui.logs.chart-drill-ability-label fetch",
  "damage enemy -A- ability win → ability groups ui.logs.chart-drill-ability-label fetch",
  "damage enemy -A- target ··· → target groups ui.logs.chart-drill-target-label fetch",
  "damage enemy -A- target win → target groups ui.logs.chart-drill-target-label fetch",
  "damage enemy -AT · ··· → source groups ui.logs.chart-dps-label fetch",
  "damage enemy -AT · win → source groups ui.logs.chart-dps-label fetch",
  "damage enemy -AT source ··· → source groups ui.logs.chart-dps-label fetch",
  "damage enemy -AT source win → source groups ui.logs.chart-dps-label fetch",
  "damage enemy -AT ability ··· → ability groups ui.logs.chart-drill-ability-label fetch",
  "damage enemy -AT ability win → ability groups ui.logs.chart-drill-ability-label fetch",
  "damage enemy -AT target ··· → target groups ui.logs.chart-drill-target-label fetch",
  "damage enemy -AT target win → target groups ui.logs.chart-drill-target-label fetch",
  "damage enemy S-- · ··· → ability groups ui.logs.chart-drill-ability-label fetch",
  "damage enemy S-- · win → ability groups ui.logs.chart-drill-ability-label fetch",
  "damage enemy S-- source ··· → source groups ui.logs.chart-dps-label fetch",
  "damage enemy S-- source win → source groups ui.logs.chart-dps-label fetch",
  "damage enemy S-- ability ··· → ability groups ui.logs.chart-drill-ability-label fetch",
  "damage enemy S-- ability win → ability groups ui.logs.chart-drill-ability-label fetch",
  "damage enemy S-- target ··· → target groups ui.logs.chart-drill-target-label fetch",
  "damage enemy S-- target win → target groups ui.logs.chart-drill-target-label fetch",
  "damage enemy S-T · ··· → ability groups ui.logs.chart-drill-ability-label fetch",
  "damage enemy S-T · win → ability groups ui.logs.chart-drill-ability-label fetch",
  "damage enemy S-T source ··· → source groups ui.logs.chart-dps-label fetch",
  "damage enemy S-T source win → source groups ui.logs.chart-dps-label fetch",
  "damage enemy S-T ability ··· → ability groups ui.logs.chart-drill-ability-label fetch",
  "damage enemy S-T ability win → ability groups ui.logs.chart-drill-ability-label fetch",
  "damage enemy S-T target ··· → target groups ui.logs.chart-drill-target-label fetch",
  "damage enemy S-T target win → target groups ui.logs.chart-drill-target-label fetch",
  "damage enemy SA- · ··· → target groups ui.logs.chart-drill-target-label fetch",
  "damage enemy SA- · win → target groups ui.logs.chart-drill-target-label fetch",
  "damage enemy SA- source ··· → source groups ui.logs.chart-dps-label fetch",
  "damage enemy SA- source win → source groups ui.logs.chart-dps-label fetch",
  "damage enemy SA- ability ··· → ability groups ui.logs.chart-drill-ability-label fetch",
  "damage enemy SA- ability win → ability groups ui.logs.chart-drill-ability-label fetch",
  "damage enemy SA- target ··· → target groups ui.logs.chart-drill-target-label fetch",
  "damage enemy SA- target win → target groups ui.logs.chart-drill-target-label fetch",
  "damage enemy SAT · ··· → target groups ui.logs.chart-drill-target-label fetch",
  "damage enemy SAT · win → target groups ui.logs.chart-drill-target-label fetch",
  "damage enemy SAT source ··· → source groups ui.logs.chart-dps-label fetch",
  "damage enemy SAT source win → source groups ui.logs.chart-dps-label fetch",
  "damage enemy SAT ability ··· → ability groups ui.logs.chart-drill-ability-label fetch",
  "damage enemy SAT ability win → ability groups ui.logs.chart-drill-ability-label fetch",
  "damage enemy SAT target ··· → target groups ui.logs.chart-drill-target-label fetch",
  "damage enemy SAT target win → target groups ui.logs.chart-drill-target-label fetch",
  "taken friendly --- · ··· → source groups ui.logs.chart-taken-label fetch",
  "taken friendly --- · win → source groups ui.logs.chart-taken-label fetch",
  "taken friendly --- source ··· → source groups ui.logs.chart-taken-label fetch",
  "taken friendly --- source win → source groups ui.logs.chart-taken-label fetch",
  "taken friendly --- ability ··· → ability groups ui.logs.chart-taken-drill-label fetch",
  "taken friendly --- ability win → ability groups ui.logs.chart-taken-drill-label fetch",
  "taken friendly --- target ··· → target groups ui.logs.chart-taken-drill-label fetch",
  "taken friendly --- target win → target groups ui.logs.chart-taken-drill-label fetch",
  "taken friendly --T · ··· → source groups ui.logs.chart-taken-label fetch",
  "taken friendly --T · win → source groups ui.logs.chart-taken-label fetch",
  "taken friendly --T source ··· → source groups ui.logs.chart-taken-label fetch",
  "taken friendly --T source win → source groups ui.logs.chart-taken-label fetch",
  "taken friendly --T ability ··· → ability groups ui.logs.chart-taken-drill-label fetch",
  "taken friendly --T ability win → ability groups ui.logs.chart-taken-drill-label fetch",
  "taken friendly --T target ··· → target groups ui.logs.chart-taken-drill-label fetch",
  "taken friendly --T target win → target groups ui.logs.chart-taken-drill-label fetch",
  "taken friendly -A- · ··· → source groups ui.logs.chart-taken-label fetch",
  "taken friendly -A- · win → source groups ui.logs.chart-taken-label fetch",
  "taken friendly -A- source ··· → source groups ui.logs.chart-taken-label fetch",
  "taken friendly -A- source win → source groups ui.logs.chart-taken-label fetch",
  "taken friendly -A- ability ··· → ability groups ui.logs.chart-taken-drill-label fetch",
  "taken friendly -A- ability win → ability groups ui.logs.chart-taken-drill-label fetch",
  "taken friendly -A- target ··· → target groups ui.logs.chart-taken-drill-label fetch",
  "taken friendly -A- target win → target groups ui.logs.chart-taken-drill-label fetch",
  "taken friendly -AT · ··· → source groups ui.logs.chart-taken-label fetch",
  "taken friendly -AT · win → source groups ui.logs.chart-taken-label fetch",
  "taken friendly -AT source ··· → source groups ui.logs.chart-taken-label fetch",
  "taken friendly -AT source win → source groups ui.logs.chart-taken-label fetch",
  "taken friendly -AT ability ··· → ability groups ui.logs.chart-taken-drill-label fetch",
  "taken friendly -AT ability win → ability groups ui.logs.chart-taken-drill-label fetch",
  "taken friendly -AT target ··· → target groups ui.logs.chart-taken-drill-label fetch",
  "taken friendly -AT target win → target groups ui.logs.chart-taken-drill-label fetch",
  "taken friendly S-- · ··· → ability groups ui.logs.chart-taken-drill-label fetch",
  "taken friendly S-- · win → ability groups ui.logs.chart-taken-drill-label fetch",
  "taken friendly S-- source ··· → source groups ui.logs.chart-taken-label fetch",
  "taken friendly S-- source win → source groups ui.logs.chart-taken-label fetch",
  "taken friendly S-- ability ··· → ability groups ui.logs.chart-taken-drill-label fetch",
  "taken friendly S-- ability win → ability groups ui.logs.chart-taken-drill-label fetch",
  "taken friendly S-- target ··· → target groups ui.logs.chart-taken-drill-label fetch",
  "taken friendly S-- target win → target groups ui.logs.chart-taken-drill-label fetch",
  "taken friendly S-T · ··· → ability groups ui.logs.chart-taken-drill-label fetch",
  "taken friendly S-T · win → ability groups ui.logs.chart-taken-drill-label fetch",
  "taken friendly S-T source ··· → source groups ui.logs.chart-taken-label fetch",
  "taken friendly S-T source win → source groups ui.logs.chart-taken-label fetch",
  "taken friendly S-T ability ··· → ability groups ui.logs.chart-taken-drill-label fetch",
  "taken friendly S-T ability win → ability groups ui.logs.chart-taken-drill-label fetch",
  "taken friendly S-T target ··· → target groups ui.logs.chart-taken-drill-label fetch",
  "taken friendly S-T target win → target groups ui.logs.chart-taken-drill-label fetch",
  "taken friendly SA- · ··· → target groups ui.logs.chart-taken-drill-label fetch",
  "taken friendly SA- · win → target groups ui.logs.chart-taken-drill-label fetch",
  "taken friendly SA- source ··· → source groups ui.logs.chart-taken-label fetch",
  "taken friendly SA- source win → source groups ui.logs.chart-taken-label fetch",
  "taken friendly SA- ability ··· → ability groups ui.logs.chart-taken-drill-label fetch",
  "taken friendly SA- ability win → ability groups ui.logs.chart-taken-drill-label fetch",
  "taken friendly SA- target ··· → target groups ui.logs.chart-taken-drill-label fetch",
  "taken friendly SA- target win → target groups ui.logs.chart-taken-drill-label fetch",
  "taken friendly SAT · ··· → target groups ui.logs.chart-taken-drill-label fetch",
  "taken friendly SAT · win → target groups ui.logs.chart-taken-drill-label fetch",
  "taken friendly SAT source ··· → source groups ui.logs.chart-taken-label fetch",
  "taken friendly SAT source win → source groups ui.logs.chart-taken-label fetch",
  "taken friendly SAT ability ··· → ability groups ui.logs.chart-taken-drill-label fetch",
  "taken friendly SAT ability win → ability groups ui.logs.chart-taken-drill-label fetch",
  "taken friendly SAT target ··· → target groups ui.logs.chart-taken-drill-label fetch",
  "taken friendly SAT target win → target groups ui.logs.chart-taken-drill-label fetch",
  "taken enemy --- · ··· → source groups ui.logs.chart-taken-label fetch",
  "taken enemy --- · win → source groups ui.logs.chart-taken-label fetch",
  "taken enemy --- source ··· → source groups ui.logs.chart-taken-label fetch",
  "taken enemy --- source win → source groups ui.logs.chart-taken-label fetch",
  "taken enemy --- ability ··· → ability groups ui.logs.chart-taken-drill-label fetch",
  "taken enemy --- ability win → ability groups ui.logs.chart-taken-drill-label fetch",
  "taken enemy --- target ··· → target groups ui.logs.chart-taken-drill-label fetch",
  "taken enemy --- target win → target groups ui.logs.chart-taken-drill-label fetch",
  "taken enemy --T · ··· → source groups ui.logs.chart-taken-label fetch",
  "taken enemy --T · win → source groups ui.logs.chart-taken-label fetch",
  "taken enemy --T source ··· → source groups ui.logs.chart-taken-label fetch",
  "taken enemy --T source win → source groups ui.logs.chart-taken-label fetch",
  "taken enemy --T ability ··· → ability groups ui.logs.chart-taken-drill-label fetch",
  "taken enemy --T ability win → ability groups ui.logs.chart-taken-drill-label fetch",
  "taken enemy --T target ··· → target groups ui.logs.chart-taken-drill-label fetch",
  "taken enemy --T target win → target groups ui.logs.chart-taken-drill-label fetch",
  "taken enemy -A- · ··· → source groups ui.logs.chart-taken-label fetch",
  "taken enemy -A- · win → source groups ui.logs.chart-taken-label fetch",
  "taken enemy -A- source ··· → source groups ui.logs.chart-taken-label fetch",
  "taken enemy -A- source win → source groups ui.logs.chart-taken-label fetch",
  "taken enemy -A- ability ··· → ability groups ui.logs.chart-taken-drill-label fetch",
  "taken enemy -A- ability win → ability groups ui.logs.chart-taken-drill-label fetch",
  "taken enemy -A- target ··· → target groups ui.logs.chart-taken-drill-label fetch",
  "taken enemy -A- target win → target groups ui.logs.chart-taken-drill-label fetch",
  "taken enemy -AT · ··· → source groups ui.logs.chart-taken-label fetch",
  "taken enemy -AT · win → source groups ui.logs.chart-taken-label fetch",
  "taken enemy -AT source ··· → source groups ui.logs.chart-taken-label fetch",
  "taken enemy -AT source win → source groups ui.logs.chart-taken-label fetch",
  "taken enemy -AT ability ··· → ability groups ui.logs.chart-taken-drill-label fetch",
  "taken enemy -AT ability win → ability groups ui.logs.chart-taken-drill-label fetch",
  "taken enemy -AT target ··· → target groups ui.logs.chart-taken-drill-label fetch",
  "taken enemy -AT target win → target groups ui.logs.chart-taken-drill-label fetch",
  "taken enemy S-- · ··· → ability groups ui.logs.chart-taken-drill-label fetch",
  "taken enemy S-- · win → ability groups ui.logs.chart-taken-drill-label fetch",
  "taken enemy S-- source ··· → source groups ui.logs.chart-taken-label fetch",
  "taken enemy S-- source win → source groups ui.logs.chart-taken-label fetch",
  "taken enemy S-- ability ··· → ability groups ui.logs.chart-taken-drill-label fetch",
  "taken enemy S-- ability win → ability groups ui.logs.chart-taken-drill-label fetch",
  "taken enemy S-- target ··· → target groups ui.logs.chart-taken-drill-label fetch",
  "taken enemy S-- target win → target groups ui.logs.chart-taken-drill-label fetch",
  "taken enemy S-T · ··· → ability groups ui.logs.chart-taken-drill-label fetch",
  "taken enemy S-T · win → ability groups ui.logs.chart-taken-drill-label fetch",
  "taken enemy S-T source ··· → source groups ui.logs.chart-taken-label fetch",
  "taken enemy S-T source win → source groups ui.logs.chart-taken-label fetch",
  "taken enemy S-T ability ··· → ability groups ui.logs.chart-taken-drill-label fetch",
  "taken enemy S-T ability win → ability groups ui.logs.chart-taken-drill-label fetch",
  "taken enemy S-T target ··· → target groups ui.logs.chart-taken-drill-label fetch",
  "taken enemy S-T target win → target groups ui.logs.chart-taken-drill-label fetch",
  "taken enemy SA- · ··· → target groups ui.logs.chart-taken-drill-label fetch",
  "taken enemy SA- · win → target groups ui.logs.chart-taken-drill-label fetch",
  "taken enemy SA- source ··· → source groups ui.logs.chart-taken-label fetch",
  "taken enemy SA- source win → source groups ui.logs.chart-taken-label fetch",
  "taken enemy SA- ability ··· → ability groups ui.logs.chart-taken-drill-label fetch",
  "taken enemy SA- ability win → ability groups ui.logs.chart-taken-drill-label fetch",
  "taken enemy SA- target ··· → target groups ui.logs.chart-taken-drill-label fetch",
  "taken enemy SA- target win → target groups ui.logs.chart-taken-drill-label fetch",
  "taken enemy SAT · ··· → target groups ui.logs.chart-taken-drill-label fetch",
  "taken enemy SAT · win → target groups ui.logs.chart-taken-drill-label fetch",
  "taken enemy SAT source ··· → source groups ui.logs.chart-taken-label fetch",
  "taken enemy SAT source win → source groups ui.logs.chart-taken-label fetch",
  "taken enemy SAT ability ··· → ability groups ui.logs.chart-taken-drill-label fetch",
  "taken enemy SAT ability win → ability groups ui.logs.chart-taken-drill-label fetch",
  "taken enemy SAT target ··· → target groups ui.logs.chart-taken-drill-label fetch",
  "taken enemy SAT target win → target groups ui.logs.chart-taken-drill-label fetch",
  "stun friendly --- · ··· → source base ui.logs.chart-stun-label local",
  "stun friendly --- · win → source base ui.logs.chart-stun-label local",
  "stun friendly --- source ··· → source base ui.logs.chart-stun-label local",
  "stun friendly --- source win → source base ui.logs.chart-stun-label local",
  "stun friendly --- ability ··· → ability base ui.logs.chart-stun-label local",
  "stun friendly --- ability win → ability base ui.logs.chart-stun-label local",
  "stun friendly --- target ··· → source base ui.logs.chart-stun-label local",
  "stun friendly --- target win → source base ui.logs.chart-stun-label local",
  "stun friendly --T · ··· → source base ui.logs.chart-stun-label local",
  "stun friendly --T · win → source base ui.logs.chart-stun-label local",
  "stun friendly --T source ··· → source base ui.logs.chart-stun-label local",
  "stun friendly --T source win → source base ui.logs.chart-stun-label local",
  "stun friendly --T ability ··· → ability base ui.logs.chart-stun-label local",
  "stun friendly --T ability win → ability base ui.logs.chart-stun-label local",
  "stun friendly --T target ··· → source base ui.logs.chart-stun-label local",
  "stun friendly --T target win → source base ui.logs.chart-stun-label local",
  "stun friendly -A- · ··· → source base ui.logs.chart-stun-label local",
  "stun friendly -A- · win → source base ui.logs.chart-stun-label local",
  "stun friendly -A- source ··· → source base ui.logs.chart-stun-label local",
  "stun friendly -A- source win → source base ui.logs.chart-stun-label local",
  "stun friendly -A- ability ··· → ability base ui.logs.chart-stun-label local",
  "stun friendly -A- ability win → ability base ui.logs.chart-stun-label local",
  "stun friendly -A- target ··· → source base ui.logs.chart-stun-label local",
  "stun friendly -A- target win → source base ui.logs.chart-stun-label local",
  "stun friendly -AT · ··· → source base ui.logs.chart-stun-label local",
  "stun friendly -AT · win → source base ui.logs.chart-stun-label local",
  "stun friendly -AT source ··· → source base ui.logs.chart-stun-label local",
  "stun friendly -AT source win → source base ui.logs.chart-stun-label local",
  "stun friendly -AT ability ··· → ability base ui.logs.chart-stun-label local",
  "stun friendly -AT ability win → ability base ui.logs.chart-stun-label local",
  "stun friendly -AT target ··· → source base ui.logs.chart-stun-label local",
  "stun friendly -AT target win → source base ui.logs.chart-stun-label local",
  "stun friendly S-- · ··· → ability base ui.logs.chart-stun-label local",
  "stun friendly S-- · win → ability base ui.logs.chart-stun-label local",
  "stun friendly S-- source ··· → source base ui.logs.chart-stun-label local",
  "stun friendly S-- source win → source base ui.logs.chart-stun-label local",
  "stun friendly S-- ability ··· → ability base ui.logs.chart-stun-label local",
  "stun friendly S-- ability win → ability base ui.logs.chart-stun-label local",
  "stun friendly S-- target ··· → ability base ui.logs.chart-stun-label local",
  "stun friendly S-- target win → ability base ui.logs.chart-stun-label local",
  "stun friendly S-T · ··· → ability base ui.logs.chart-stun-label local",
  "stun friendly S-T · win → ability base ui.logs.chart-stun-label local",
  "stun friendly S-T source ··· → source base ui.logs.chart-stun-label local",
  "stun friendly S-T source win → source base ui.logs.chart-stun-label local",
  "stun friendly S-T ability ··· → ability base ui.logs.chart-stun-label local",
  "stun friendly S-T ability win → ability base ui.logs.chart-stun-label local",
  "stun friendly S-T target ··· → ability base ui.logs.chart-stun-label local",
  "stun friendly S-T target win → ability base ui.logs.chart-stun-label local",
  "stun friendly SA- · ··· → ability base ui.logs.chart-stun-label local",
  "stun friendly SA- · win → ability base ui.logs.chart-stun-label local",
  "stun friendly SA- source ··· → source base ui.logs.chart-stun-label local",
  "stun friendly SA- source win → source base ui.logs.chart-stun-label local",
  "stun friendly SA- ability ··· → ability base ui.logs.chart-stun-label local",
  "stun friendly SA- ability win → ability base ui.logs.chart-stun-label local",
  "stun friendly SA- target ··· → ability base ui.logs.chart-stun-label local",
  "stun friendly SA- target win → ability base ui.logs.chart-stun-label local",
  "stun friendly SAT · ··· → ability base ui.logs.chart-stun-label local",
  "stun friendly SAT · win → ability base ui.logs.chart-stun-label local",
  "stun friendly SAT source ··· → source base ui.logs.chart-stun-label local",
  "stun friendly SAT source win → source base ui.logs.chart-stun-label local",
  "stun friendly SAT ability ··· → ability base ui.logs.chart-stun-label local",
  "stun friendly SAT ability win → ability base ui.logs.chart-stun-label local",
  "stun friendly SAT target ··· → ability base ui.logs.chart-stun-label local",
  "stun friendly SAT target win → ability base ui.logs.chart-stun-label local",
  "stun enemy --- · ··· → source base ui.logs.chart-stun-label local",
  "stun enemy --- · win → source base ui.logs.chart-stun-label local",
  "stun enemy --- source ··· → source base ui.logs.chart-stun-label local",
  "stun enemy --- source win → source base ui.logs.chart-stun-label local",
  "stun enemy --- ability ··· → ability base ui.logs.chart-stun-label local",
  "stun enemy --- ability win → ability base ui.logs.chart-stun-label local",
  "stun enemy --- target ··· → source base ui.logs.chart-stun-label local",
  "stun enemy --- target win → source base ui.logs.chart-stun-label local",
  "stun enemy --T · ··· → source base ui.logs.chart-stun-label local",
  "stun enemy --T · win → source base ui.logs.chart-stun-label local",
  "stun enemy --T source ··· → source base ui.logs.chart-stun-label local",
  "stun enemy --T source win → source base ui.logs.chart-stun-label local",
  "stun enemy --T ability ··· → ability base ui.logs.chart-stun-label local",
  "stun enemy --T ability win → ability base ui.logs.chart-stun-label local",
  "stun enemy --T target ··· → source base ui.logs.chart-stun-label local",
  "stun enemy --T target win → source base ui.logs.chart-stun-label local",
  "stun enemy -A- · ··· → source base ui.logs.chart-stun-label local",
  "stun enemy -A- · win → source base ui.logs.chart-stun-label local",
  "stun enemy -A- source ··· → source base ui.logs.chart-stun-label local",
  "stun enemy -A- source win → source base ui.logs.chart-stun-label local",
  "stun enemy -A- ability ··· → ability base ui.logs.chart-stun-label local",
  "stun enemy -A- ability win → ability base ui.logs.chart-stun-label local",
  "stun enemy -A- target ··· → source base ui.logs.chart-stun-label local",
  "stun enemy -A- target win → source base ui.logs.chart-stun-label local",
  "stun enemy -AT · ··· → source base ui.logs.chart-stun-label local",
  "stun enemy -AT · win → source base ui.logs.chart-stun-label local",
  "stun enemy -AT source ··· → source base ui.logs.chart-stun-label local",
  "stun enemy -AT source win → source base ui.logs.chart-stun-label local",
  "stun enemy -AT ability ··· → ability base ui.logs.chart-stun-label local",
  "stun enemy -AT ability win → ability base ui.logs.chart-stun-label local",
  "stun enemy -AT target ··· → source base ui.logs.chart-stun-label local",
  "stun enemy -AT target win → source base ui.logs.chart-stun-label local",
  "stun enemy S-- · ··· → ability base ui.logs.chart-stun-label local",
  "stun enemy S-- · win → ability base ui.logs.chart-stun-label local",
  "stun enemy S-- source ··· → source base ui.logs.chart-stun-label local",
  "stun enemy S-- source win → source base ui.logs.chart-stun-label local",
  "stun enemy S-- ability ··· → ability base ui.logs.chart-stun-label local",
  "stun enemy S-- ability win → ability base ui.logs.chart-stun-label local",
  "stun enemy S-- target ··· → ability base ui.logs.chart-stun-label local",
  "stun enemy S-- target win → ability base ui.logs.chart-stun-label local",
  "stun enemy S-T · ··· → ability base ui.logs.chart-stun-label local",
  "stun enemy S-T · win → ability base ui.logs.chart-stun-label local",
  "stun enemy S-T source ··· → source base ui.logs.chart-stun-label local",
  "stun enemy S-T source win → source base ui.logs.chart-stun-label local",
  "stun enemy S-T ability ··· → ability base ui.logs.chart-stun-label local",
  "stun enemy S-T ability win → ability base ui.logs.chart-stun-label local",
  "stun enemy S-T target ··· → ability base ui.logs.chart-stun-label local",
  "stun enemy S-T target win → ability base ui.logs.chart-stun-label local",
  "stun enemy SA- · ··· → ability base ui.logs.chart-stun-label local",
  "stun enemy SA- · win → ability base ui.logs.chart-stun-label local",
  "stun enemy SA- source ··· → source base ui.logs.chart-stun-label local",
  "stun enemy SA- source win → source base ui.logs.chart-stun-label local",
  "stun enemy SA- ability ··· → ability base ui.logs.chart-stun-label local",
  "stun enemy SA- ability win → ability base ui.logs.chart-stun-label local",
  "stun enemy SA- target ··· → ability base ui.logs.chart-stun-label local",
  "stun enemy SA- target win → ability base ui.logs.chart-stun-label local",
  "stun enemy SAT · ··· → ability base ui.logs.chart-stun-label local",
  "stun enemy SAT · win → ability base ui.logs.chart-stun-label local",
  "stun enemy SAT source ··· → source base ui.logs.chart-stun-label local",
  "stun enemy SAT source win → source base ui.logs.chart-stun-label local",
  "stun enemy SAT ability ··· → ability base ui.logs.chart-stun-label local",
  "stun enemy SAT ability win → ability base ui.logs.chart-stun-label local",
  "stun enemy SAT target ··· → ability base ui.logs.chart-stun-label local",
  "stun enemy SAT target win → ability base ui.logs.chart-stun-label local",
  "sba friendly --- · ··· → source base ui.logs.chart-sba-label local",
  "sba friendly --- · win → source base ui.logs.chart-sba-label local",
  "sba friendly --- source ··· → source base ui.logs.chart-sba-label local",
  "sba friendly --- source win → source base ui.logs.chart-sba-label local",
  "sba friendly --- ability ··· → source base ui.logs.chart-sba-label local",
  "sba friendly --- ability win → source base ui.logs.chart-sba-label local",
  "sba friendly --- target ··· → source base ui.logs.chart-sba-label local",
  "sba friendly --- target win → source base ui.logs.chart-sba-label local",
  "sba friendly --T · ··· → source base ui.logs.chart-sba-label local",
  "sba friendly --T · win → source base ui.logs.chart-sba-label local",
  "sba friendly --T source ··· → source base ui.logs.chart-sba-label local",
  "sba friendly --T source win → source base ui.logs.chart-sba-label local",
  "sba friendly --T ability ··· → source base ui.logs.chart-sba-label local",
  "sba friendly --T ability win → source base ui.logs.chart-sba-label local",
  "sba friendly --T target ··· → source base ui.logs.chart-sba-label local",
  "sba friendly --T target win → source base ui.logs.chart-sba-label local",
  "sba friendly -A- · ··· → source base ui.logs.chart-sba-label local",
  "sba friendly -A- · win → source base ui.logs.chart-sba-label local",
  "sba friendly -A- source ··· → source base ui.logs.chart-sba-label local",
  "sba friendly -A- source win → source base ui.logs.chart-sba-label local",
  "sba friendly -A- ability ··· → source base ui.logs.chart-sba-label local",
  "sba friendly -A- ability win → source base ui.logs.chart-sba-label local",
  "sba friendly -A- target ··· → source base ui.logs.chart-sba-label local",
  "sba friendly -A- target win → source base ui.logs.chart-sba-label local",
  "sba friendly -AT · ··· → source base ui.logs.chart-sba-label local",
  "sba friendly -AT · win → source base ui.logs.chart-sba-label local",
  "sba friendly -AT source ··· → source base ui.logs.chart-sba-label local",
  "sba friendly -AT source win → source base ui.logs.chart-sba-label local",
  "sba friendly -AT ability ··· → source base ui.logs.chart-sba-label local",
  "sba friendly -AT ability win → source base ui.logs.chart-sba-label local",
  "sba friendly -AT target ··· → source base ui.logs.chart-sba-label local",
  "sba friendly -AT target win → source base ui.logs.chart-sba-label local",
  "sba friendly S-- · ··· → source base ui.logs.chart-sba-label local",
  "sba friendly S-- · win → source base ui.logs.chart-sba-label local",
  "sba friendly S-- source ··· → source base ui.logs.chart-sba-label local",
  "sba friendly S-- source win → source base ui.logs.chart-sba-label local",
  "sba friendly S-- ability ··· → source base ui.logs.chart-sba-label local",
  "sba friendly S-- ability win → source base ui.logs.chart-sba-label local",
  "sba friendly S-- target ··· → source base ui.logs.chart-sba-label local",
  "sba friendly S-- target win → source base ui.logs.chart-sba-label local",
  "sba friendly S-T · ··· → source base ui.logs.chart-sba-label local",
  "sba friendly S-T · win → source base ui.logs.chart-sba-label local",
  "sba friendly S-T source ··· → source base ui.logs.chart-sba-label local",
  "sba friendly S-T source win → source base ui.logs.chart-sba-label local",
  "sba friendly S-T ability ··· → source base ui.logs.chart-sba-label local",
  "sba friendly S-T ability win → source base ui.logs.chart-sba-label local",
  "sba friendly S-T target ··· → source base ui.logs.chart-sba-label local",
  "sba friendly S-T target win → source base ui.logs.chart-sba-label local",
  "sba friendly SA- · ··· → source base ui.logs.chart-sba-label local",
  "sba friendly SA- · win → source base ui.logs.chart-sba-label local",
  "sba friendly SA- source ··· → source base ui.logs.chart-sba-label local",
  "sba friendly SA- source win → source base ui.logs.chart-sba-label local",
  "sba friendly SA- ability ··· → source base ui.logs.chart-sba-label local",
  "sba friendly SA- ability win → source base ui.logs.chart-sba-label local",
  "sba friendly SA- target ··· → source base ui.logs.chart-sba-label local",
  "sba friendly SA- target win → source base ui.logs.chart-sba-label local",
  "sba friendly SAT · ··· → source base ui.logs.chart-sba-label local",
  "sba friendly SAT · win → source base ui.logs.chart-sba-label local",
  "sba friendly SAT source ··· → source base ui.logs.chart-sba-label local",
  "sba friendly SAT source win → source base ui.logs.chart-sba-label local",
  "sba friendly SAT ability ··· → source base ui.logs.chart-sba-label local",
  "sba friendly SAT ability win → source base ui.logs.chart-sba-label local",
  "sba friendly SAT target ··· → source base ui.logs.chart-sba-label local",
  "sba friendly SAT target win → source base ui.logs.chart-sba-label local",
  "sba enemy --- · ··· → source base ui.logs.chart-sba-label local",
  "sba enemy --- · win → source base ui.logs.chart-sba-label local",
  "sba enemy --- source ··· → source base ui.logs.chart-sba-label local",
  "sba enemy --- source win → source base ui.logs.chart-sba-label local",
  "sba enemy --- ability ··· → source base ui.logs.chart-sba-label local",
  "sba enemy --- ability win → source base ui.logs.chart-sba-label local",
  "sba enemy --- target ··· → source base ui.logs.chart-sba-label local",
  "sba enemy --- target win → source base ui.logs.chart-sba-label local",
  "sba enemy --T · ··· → source base ui.logs.chart-sba-label local",
  "sba enemy --T · win → source base ui.logs.chart-sba-label local",
  "sba enemy --T source ··· → source base ui.logs.chart-sba-label local",
  "sba enemy --T source win → source base ui.logs.chart-sba-label local",
  "sba enemy --T ability ··· → source base ui.logs.chart-sba-label local",
  "sba enemy --T ability win → source base ui.logs.chart-sba-label local",
  "sba enemy --T target ··· → source base ui.logs.chart-sba-label local",
  "sba enemy --T target win → source base ui.logs.chart-sba-label local",
  "sba enemy -A- · ··· → source base ui.logs.chart-sba-label local",
  "sba enemy -A- · win → source base ui.logs.chart-sba-label local",
  "sba enemy -A- source ··· → source base ui.logs.chart-sba-label local",
  "sba enemy -A- source win → source base ui.logs.chart-sba-label local",
  "sba enemy -A- ability ··· → source base ui.logs.chart-sba-label local",
  "sba enemy -A- ability win → source base ui.logs.chart-sba-label local",
  "sba enemy -A- target ··· → source base ui.logs.chart-sba-label local",
  "sba enemy -A- target win → source base ui.logs.chart-sba-label local",
  "sba enemy -AT · ··· → source base ui.logs.chart-sba-label local",
  "sba enemy -AT · win → source base ui.logs.chart-sba-label local",
  "sba enemy -AT source ··· → source base ui.logs.chart-sba-label local",
  "sba enemy -AT source win → source base ui.logs.chart-sba-label local",
  "sba enemy -AT ability ··· → source base ui.logs.chart-sba-label local",
  "sba enemy -AT ability win → source base ui.logs.chart-sba-label local",
  "sba enemy -AT target ··· → source base ui.logs.chart-sba-label local",
  "sba enemy -AT target win → source base ui.logs.chart-sba-label local",
  "sba enemy S-- · ··· → source base ui.logs.chart-sba-label local",
  "sba enemy S-- · win → source base ui.logs.chart-sba-label local",
  "sba enemy S-- source ··· → source base ui.logs.chart-sba-label local",
  "sba enemy S-- source win → source base ui.logs.chart-sba-label local",
  "sba enemy S-- ability ··· → source base ui.logs.chart-sba-label local",
  "sba enemy S-- ability win → source base ui.logs.chart-sba-label local",
  "sba enemy S-- target ··· → source base ui.logs.chart-sba-label local",
  "sba enemy S-- target win → source base ui.logs.chart-sba-label local",
  "sba enemy S-T · ··· → source base ui.logs.chart-sba-label local",
  "sba enemy S-T · win → source base ui.logs.chart-sba-label local",
  "sba enemy S-T source ··· → source base ui.logs.chart-sba-label local",
  "sba enemy S-T source win → source base ui.logs.chart-sba-label local",
  "sba enemy S-T ability ··· → source base ui.logs.chart-sba-label local",
  "sba enemy S-T ability win → source base ui.logs.chart-sba-label local",
  "sba enemy S-T target ··· → source base ui.logs.chart-sba-label local",
  "sba enemy S-T target win → source base ui.logs.chart-sba-label local",
  "sba enemy SA- · ··· → source base ui.logs.chart-sba-label local",
  "sba enemy SA- · win → source base ui.logs.chart-sba-label local",
  "sba enemy SA- source ··· → source base ui.logs.chart-sba-label local",
  "sba enemy SA- source win → source base ui.logs.chart-sba-label local",
  "sba enemy SA- ability ··· → source base ui.logs.chart-sba-label local",
  "sba enemy SA- ability win → source base ui.logs.chart-sba-label local",
  "sba enemy SA- target ··· → source base ui.logs.chart-sba-label local",
  "sba enemy SA- target win → source base ui.logs.chart-sba-label local",
  "sba enemy SAT · ··· → source base ui.logs.chart-sba-label local",
  "sba enemy SAT · win → source base ui.logs.chart-sba-label local",
  "sba enemy SAT source ··· → source base ui.logs.chart-sba-label local",
  "sba enemy SAT source win → source base ui.logs.chart-sba-label local",
  "sba enemy SAT ability ··· → source base ui.logs.chart-sba-label local",
  "sba enemy SAT ability win → source base ui.logs.chart-sba-label local",
  "sba enemy SAT target ··· → source base ui.logs.chart-sba-label local",
  "sba enemy SAT target win → source base ui.logs.chart-sba-label local",
  "buffs friendly --- · ··· → ability stacks ui.logs.chart-stacks-label local",
  "buffs friendly --- · win → ability stacks ui.logs.chart-stacks-label local",
  "buffs friendly --- source ··· → source stacks ui.logs.chart-stacks-label local",
  "buffs friendly --- source win → source stacks ui.logs.chart-stacks-label local",
  "buffs friendly --- ability ··· → ability stacks ui.logs.chart-stacks-label local",
  "buffs friendly --- ability win → ability stacks ui.logs.chart-stacks-label local",
  "buffs friendly --- target ··· → ability stacks ui.logs.chart-stacks-label local",
  "buffs friendly --- target win → ability stacks ui.logs.chart-stacks-label local",
  "buffs friendly --T · ··· → ability stacks ui.logs.chart-stacks-label local",
  "buffs friendly --T · win → ability stacks ui.logs.chart-stacks-label local",
  "buffs friendly --T source ··· → source stacks ui.logs.chart-stacks-label local",
  "buffs friendly --T source win → source stacks ui.logs.chart-stacks-label local",
  "buffs friendly --T ability ··· → ability stacks ui.logs.chart-stacks-label local",
  "buffs friendly --T ability win → ability stacks ui.logs.chart-stacks-label local",
  "buffs friendly --T target ··· → ability stacks ui.logs.chart-stacks-label local",
  "buffs friendly --T target win → ability stacks ui.logs.chart-stacks-label local",
  "buffs friendly -A- · ··· → source stacks ui.logs.chart-stacks-label local",
  "buffs friendly -A- · win → source stacks ui.logs.chart-stacks-label local",
  "buffs friendly -A- source ··· → source stacks ui.logs.chart-stacks-label local",
  "buffs friendly -A- source win → source stacks ui.logs.chart-stacks-label local",
  "buffs friendly -A- ability ··· → ability stacks ui.logs.chart-stacks-label local",
  "buffs friendly -A- ability win → ability stacks ui.logs.chart-stacks-label local",
  "buffs friendly -A- target ··· → source stacks ui.logs.chart-stacks-label local",
  "buffs friendly -A- target win → source stacks ui.logs.chart-stacks-label local",
  "buffs friendly -AT · ··· → source stacks ui.logs.chart-stacks-label local",
  "buffs friendly -AT · win → source stacks ui.logs.chart-stacks-label local",
  "buffs friendly -AT source ··· → source stacks ui.logs.chart-stacks-label local",
  "buffs friendly -AT source win → source stacks ui.logs.chart-stacks-label local",
  "buffs friendly -AT ability ··· → ability stacks ui.logs.chart-stacks-label local",
  "buffs friendly -AT ability win → ability stacks ui.logs.chart-stacks-label local",
  "buffs friendly -AT target ··· → source stacks ui.logs.chart-stacks-label local",
  "buffs friendly -AT target win → source stacks ui.logs.chart-stacks-label local",
  "buffs friendly S-- · ··· → ability stacks ui.logs.chart-stacks-label local",
  "buffs friendly S-- · win → ability stacks ui.logs.chart-stacks-label local",
  "buffs friendly S-- source ··· → source stacks ui.logs.chart-stacks-label local",
  "buffs friendly S-- source win → source stacks ui.logs.chart-stacks-label local",
  "buffs friendly S-- ability ··· → ability stacks ui.logs.chart-stacks-label local",
  "buffs friendly S-- ability win → ability stacks ui.logs.chart-stacks-label local",
  "buffs friendly S-- target ··· → ability stacks ui.logs.chart-stacks-label local",
  "buffs friendly S-- target win → ability stacks ui.logs.chart-stacks-label local",
  "buffs friendly S-T · ··· → ability stacks ui.logs.chart-stacks-label local",
  "buffs friendly S-T · win → ability stacks ui.logs.chart-stacks-label local",
  "buffs friendly S-T source ··· → source stacks ui.logs.chart-stacks-label local",
  "buffs friendly S-T source win → source stacks ui.logs.chart-stacks-label local",
  "buffs friendly S-T ability ··· → ability stacks ui.logs.chart-stacks-label local",
  "buffs friendly S-T ability win → ability stacks ui.logs.chart-stacks-label local",
  "buffs friendly S-T target ··· → ability stacks ui.logs.chart-stacks-label local",
  "buffs friendly S-T target win → ability stacks ui.logs.chart-stacks-label local",
  "buffs friendly SA- · ··· → source stacks ui.logs.chart-stacks-label local",
  "buffs friendly SA- · win → source stacks ui.logs.chart-stacks-label local",
  "buffs friendly SA- source ··· → source stacks ui.logs.chart-stacks-label local",
  "buffs friendly SA- source win → source stacks ui.logs.chart-stacks-label local",
  "buffs friendly SA- ability ··· → ability stacks ui.logs.chart-stacks-label local",
  "buffs friendly SA- ability win → ability stacks ui.logs.chart-stacks-label local",
  "buffs friendly SA- target ··· → source stacks ui.logs.chart-stacks-label local",
  "buffs friendly SA- target win → source stacks ui.logs.chart-stacks-label local",
  "buffs friendly SAT · ··· → source stacks ui.logs.chart-stacks-label local",
  "buffs friendly SAT · win → source stacks ui.logs.chart-stacks-label local",
  "buffs friendly SAT source ··· → source stacks ui.logs.chart-stacks-label local",
  "buffs friendly SAT source win → source stacks ui.logs.chart-stacks-label local",
  "buffs friendly SAT ability ··· → ability stacks ui.logs.chart-stacks-label local",
  "buffs friendly SAT ability win → ability stacks ui.logs.chart-stacks-label local",
  "buffs friendly SAT target ··· → source stacks ui.logs.chart-stacks-label local",
  "buffs friendly SAT target win → source stacks ui.logs.chart-stacks-label local",
  "buffs enemy --- · ··· → ability stacks ui.logs.chart-stacks-label local",
  "buffs enemy --- · win → ability stacks ui.logs.chart-stacks-label local",
  "buffs enemy --- source ··· → source stacks ui.logs.chart-stacks-label local",
  "buffs enemy --- source win → source stacks ui.logs.chart-stacks-label local",
  "buffs enemy --- ability ··· → ability stacks ui.logs.chart-stacks-label local",
  "buffs enemy --- ability win → ability stacks ui.logs.chart-stacks-label local",
  "buffs enemy --- target ··· → ability stacks ui.logs.chart-stacks-label local",
  "buffs enemy --- target win → ability stacks ui.logs.chart-stacks-label local",
  "buffs enemy --T · ··· → ability stacks ui.logs.chart-stacks-label local",
  "buffs enemy --T · win → ability stacks ui.logs.chart-stacks-label local",
  "buffs enemy --T source ··· → source stacks ui.logs.chart-stacks-label local",
  "buffs enemy --T source win → source stacks ui.logs.chart-stacks-label local",
  "buffs enemy --T ability ··· → ability stacks ui.logs.chart-stacks-label local",
  "buffs enemy --T ability win → ability stacks ui.logs.chart-stacks-label local",
  "buffs enemy --T target ··· → ability stacks ui.logs.chart-stacks-label local",
  "buffs enemy --T target win → ability stacks ui.logs.chart-stacks-label local",
  "buffs enemy -A- · ··· → source stacks ui.logs.chart-stacks-label local",
  "buffs enemy -A- · win → source stacks ui.logs.chart-stacks-label local",
  "buffs enemy -A- source ··· → source stacks ui.logs.chart-stacks-label local",
  "buffs enemy -A- source win → source stacks ui.logs.chart-stacks-label local",
  "buffs enemy -A- ability ··· → ability stacks ui.logs.chart-stacks-label local",
  "buffs enemy -A- ability win → ability stacks ui.logs.chart-stacks-label local",
  "buffs enemy -A- target ··· → source stacks ui.logs.chart-stacks-label local",
  "buffs enemy -A- target win → source stacks ui.logs.chart-stacks-label local",
  "buffs enemy -AT · ··· → source stacks ui.logs.chart-stacks-label local",
  "buffs enemy -AT · win → source stacks ui.logs.chart-stacks-label local",
  "buffs enemy -AT source ··· → source stacks ui.logs.chart-stacks-label local",
  "buffs enemy -AT source win → source stacks ui.logs.chart-stacks-label local",
  "buffs enemy -AT ability ··· → ability stacks ui.logs.chart-stacks-label local",
  "buffs enemy -AT ability win → ability stacks ui.logs.chart-stacks-label local",
  "buffs enemy -AT target ··· → source stacks ui.logs.chart-stacks-label local",
  "buffs enemy -AT target win → source stacks ui.logs.chart-stacks-label local",
  "buffs enemy S-- · ··· → ability stacks ui.logs.chart-stacks-label local",
  "buffs enemy S-- · win → ability stacks ui.logs.chart-stacks-label local",
  "buffs enemy S-- source ··· → source stacks ui.logs.chart-stacks-label local",
  "buffs enemy S-- source win → source stacks ui.logs.chart-stacks-label local",
  "buffs enemy S-- ability ··· → ability stacks ui.logs.chart-stacks-label local",
  "buffs enemy S-- ability win → ability stacks ui.logs.chart-stacks-label local",
  "buffs enemy S-- target ··· → ability stacks ui.logs.chart-stacks-label local",
  "buffs enemy S-- target win → ability stacks ui.logs.chart-stacks-label local",
  "buffs enemy S-T · ··· → ability stacks ui.logs.chart-stacks-label local",
  "buffs enemy S-T · win → ability stacks ui.logs.chart-stacks-label local",
  "buffs enemy S-T source ··· → source stacks ui.logs.chart-stacks-label local",
  "buffs enemy S-T source win → source stacks ui.logs.chart-stacks-label local",
  "buffs enemy S-T ability ··· → ability stacks ui.logs.chart-stacks-label local",
  "buffs enemy S-T ability win → ability stacks ui.logs.chart-stacks-label local",
  "buffs enemy S-T target ··· → ability stacks ui.logs.chart-stacks-label local",
  "buffs enemy S-T target win → ability stacks ui.logs.chart-stacks-label local",
  "buffs enemy SA- · ··· → source stacks ui.logs.chart-stacks-label local",
  "buffs enemy SA- · win → source stacks ui.logs.chart-stacks-label local",
  "buffs enemy SA- source ··· → source stacks ui.logs.chart-stacks-label local",
  "buffs enemy SA- source win → source stacks ui.logs.chart-stacks-label local",
  "buffs enemy SA- ability ··· → ability stacks ui.logs.chart-stacks-label local",
  "buffs enemy SA- ability win → ability stacks ui.logs.chart-stacks-label local",
  "buffs enemy SA- target ··· → source stacks ui.logs.chart-stacks-label local",
  "buffs enemy SA- target win → source stacks ui.logs.chart-stacks-label local",
  "buffs enemy SAT · ··· → source stacks ui.logs.chart-stacks-label local",
  "buffs enemy SAT · win → source stacks ui.logs.chart-stacks-label local",
  "buffs enemy SAT source ··· → source stacks ui.logs.chart-stacks-label local",
  "buffs enemy SAT source win → source stacks ui.logs.chart-stacks-label local",
  "buffs enemy SAT ability ··· → ability stacks ui.logs.chart-stacks-label local",
  "buffs enemy SAT ability win → ability stacks ui.logs.chart-stacks-label local",
  "buffs enemy SAT target ··· → source stacks ui.logs.chart-stacks-label local",
  "buffs enemy SAT target win → source stacks ui.logs.chart-stacks-label local",
  "debuffs friendly --- · ··· → ability stacks ui.logs.chart-stacks-label local",
  "debuffs friendly --- · win → ability stacks ui.logs.chart-stacks-label local",
  "debuffs friendly --- source ··· → source stacks ui.logs.chart-stacks-label local",
  "debuffs friendly --- source win → source stacks ui.logs.chart-stacks-label local",
  "debuffs friendly --- ability ··· → ability stacks ui.logs.chart-stacks-label local",
  "debuffs friendly --- ability win → ability stacks ui.logs.chart-stacks-label local",
  "debuffs friendly --- target ··· → ability stacks ui.logs.chart-stacks-label local",
  "debuffs friendly --- target win → ability stacks ui.logs.chart-stacks-label local",
  "debuffs friendly --T · ··· → ability stacks ui.logs.chart-stacks-label local",
  "debuffs friendly --T · win → ability stacks ui.logs.chart-stacks-label local",
  "debuffs friendly --T source ··· → source stacks ui.logs.chart-stacks-label local",
  "debuffs friendly --T source win → source stacks ui.logs.chart-stacks-label local",
  "debuffs friendly --T ability ··· → ability stacks ui.logs.chart-stacks-label local",
  "debuffs friendly --T ability win → ability stacks ui.logs.chart-stacks-label local",
  "debuffs friendly --T target ··· → ability stacks ui.logs.chart-stacks-label local",
  "debuffs friendly --T target win → ability stacks ui.logs.chart-stacks-label local",
  "debuffs friendly -A- · ··· → source stacks ui.logs.chart-stacks-label local",
  "debuffs friendly -A- · win → source stacks ui.logs.chart-stacks-label local",
  "debuffs friendly -A- source ··· → source stacks ui.logs.chart-stacks-label local",
  "debuffs friendly -A- source win → source stacks ui.logs.chart-stacks-label local",
  "debuffs friendly -A- ability ··· → ability stacks ui.logs.chart-stacks-label local",
  "debuffs friendly -A- ability win → ability stacks ui.logs.chart-stacks-label local",
  "debuffs friendly -A- target ··· → source stacks ui.logs.chart-stacks-label local",
  "debuffs friendly -A- target win → source stacks ui.logs.chart-stacks-label local",
  "debuffs friendly -AT · ··· → source stacks ui.logs.chart-stacks-label local",
  "debuffs friendly -AT · win → source stacks ui.logs.chart-stacks-label local",
  "debuffs friendly -AT source ··· → source stacks ui.logs.chart-stacks-label local",
  "debuffs friendly -AT source win → source stacks ui.logs.chart-stacks-label local",
  "debuffs friendly -AT ability ··· → ability stacks ui.logs.chart-stacks-label local",
  "debuffs friendly -AT ability win → ability stacks ui.logs.chart-stacks-label local",
  "debuffs friendly -AT target ··· → source stacks ui.logs.chart-stacks-label local",
  "debuffs friendly -AT target win → source stacks ui.logs.chart-stacks-label local",
  "debuffs friendly S-- · ··· → ability stacks ui.logs.chart-stacks-label local",
  "debuffs friendly S-- · win → ability stacks ui.logs.chart-stacks-label local",
  "debuffs friendly S-- source ··· → source stacks ui.logs.chart-stacks-label local",
  "debuffs friendly S-- source win → source stacks ui.logs.chart-stacks-label local",
  "debuffs friendly S-- ability ··· → ability stacks ui.logs.chart-stacks-label local",
  "debuffs friendly S-- ability win → ability stacks ui.logs.chart-stacks-label local",
  "debuffs friendly S-- target ··· → ability stacks ui.logs.chart-stacks-label local",
  "debuffs friendly S-- target win → ability stacks ui.logs.chart-stacks-label local",
  "debuffs friendly S-T · ··· → ability stacks ui.logs.chart-stacks-label local",
  "debuffs friendly S-T · win → ability stacks ui.logs.chart-stacks-label local",
  "debuffs friendly S-T source ··· → source stacks ui.logs.chart-stacks-label local",
  "debuffs friendly S-T source win → source stacks ui.logs.chart-stacks-label local",
  "debuffs friendly S-T ability ··· → ability stacks ui.logs.chart-stacks-label local",
  "debuffs friendly S-T ability win → ability stacks ui.logs.chart-stacks-label local",
  "debuffs friendly S-T target ··· → ability stacks ui.logs.chart-stacks-label local",
  "debuffs friendly S-T target win → ability stacks ui.logs.chart-stacks-label local",
  "debuffs friendly SA- · ··· → source stacks ui.logs.chart-stacks-label local",
  "debuffs friendly SA- · win → source stacks ui.logs.chart-stacks-label local",
  "debuffs friendly SA- source ··· → source stacks ui.logs.chart-stacks-label local",
  "debuffs friendly SA- source win → source stacks ui.logs.chart-stacks-label local",
  "debuffs friendly SA- ability ··· → ability stacks ui.logs.chart-stacks-label local",
  "debuffs friendly SA- ability win → ability stacks ui.logs.chart-stacks-label local",
  "debuffs friendly SA- target ··· → source stacks ui.logs.chart-stacks-label local",
  "debuffs friendly SA- target win → source stacks ui.logs.chart-stacks-label local",
  "debuffs friendly SAT · ··· → source stacks ui.logs.chart-stacks-label local",
  "debuffs friendly SAT · win → source stacks ui.logs.chart-stacks-label local",
  "debuffs friendly SAT source ··· → source stacks ui.logs.chart-stacks-label local",
  "debuffs friendly SAT source win → source stacks ui.logs.chart-stacks-label local",
  "debuffs friendly SAT ability ··· → ability stacks ui.logs.chart-stacks-label local",
  "debuffs friendly SAT ability win → ability stacks ui.logs.chart-stacks-label local",
  "debuffs friendly SAT target ··· → source stacks ui.logs.chart-stacks-label local",
  "debuffs friendly SAT target win → source stacks ui.logs.chart-stacks-label local",
  "debuffs enemy --- · ··· → ability stacks ui.logs.chart-stacks-label local",
  "debuffs enemy --- · win → ability stacks ui.logs.chart-stacks-label local",
  "debuffs enemy --- source ··· → source stacks ui.logs.chart-stacks-label local",
  "debuffs enemy --- source win → source stacks ui.logs.chart-stacks-label local",
  "debuffs enemy --- ability ··· → ability stacks ui.logs.chart-stacks-label local",
  "debuffs enemy --- ability win → ability stacks ui.logs.chart-stacks-label local",
  "debuffs enemy --- target ··· → ability stacks ui.logs.chart-stacks-label local",
  "debuffs enemy --- target win → ability stacks ui.logs.chart-stacks-label local",
  "debuffs enemy --T · ··· → ability stacks ui.logs.chart-stacks-label local",
  "debuffs enemy --T · win → ability stacks ui.logs.chart-stacks-label local",
  "debuffs enemy --T source ··· → source stacks ui.logs.chart-stacks-label local",
  "debuffs enemy --T source win → source stacks ui.logs.chart-stacks-label local",
  "debuffs enemy --T ability ··· → ability stacks ui.logs.chart-stacks-label local",
  "debuffs enemy --T ability win → ability stacks ui.logs.chart-stacks-label local",
  "debuffs enemy --T target ··· → ability stacks ui.logs.chart-stacks-label local",
  "debuffs enemy --T target win → ability stacks ui.logs.chart-stacks-label local",
  "debuffs enemy -A- · ··· → source stacks ui.logs.chart-stacks-label local",
  "debuffs enemy -A- · win → source stacks ui.logs.chart-stacks-label local",
  "debuffs enemy -A- source ··· → source stacks ui.logs.chart-stacks-label local",
  "debuffs enemy -A- source win → source stacks ui.logs.chart-stacks-label local",
  "debuffs enemy -A- ability ··· → ability stacks ui.logs.chart-stacks-label local",
  "debuffs enemy -A- ability win → ability stacks ui.logs.chart-stacks-label local",
  "debuffs enemy -A- target ··· → source stacks ui.logs.chart-stacks-label local",
  "debuffs enemy -A- target win → source stacks ui.logs.chart-stacks-label local",
  "debuffs enemy -AT · ··· → source stacks ui.logs.chart-stacks-label local",
  "debuffs enemy -AT · win → source stacks ui.logs.chart-stacks-label local",
  "debuffs enemy -AT source ··· → source stacks ui.logs.chart-stacks-label local",
  "debuffs enemy -AT source win → source stacks ui.logs.chart-stacks-label local",
  "debuffs enemy -AT ability ··· → ability stacks ui.logs.chart-stacks-label local",
  "debuffs enemy -AT ability win → ability stacks ui.logs.chart-stacks-label local",
  "debuffs enemy -AT target ··· → source stacks ui.logs.chart-stacks-label local",
  "debuffs enemy -AT target win → source stacks ui.logs.chart-stacks-label local",
  "debuffs enemy S-- · ··· → ability stacks ui.logs.chart-stacks-label local",
  "debuffs enemy S-- · win → ability stacks ui.logs.chart-stacks-label local",
  "debuffs enemy S-- source ··· → source stacks ui.logs.chart-stacks-label local",
  "debuffs enemy S-- source win → source stacks ui.logs.chart-stacks-label local",
  "debuffs enemy S-- ability ··· → ability stacks ui.logs.chart-stacks-label local",
  "debuffs enemy S-- ability win → ability stacks ui.logs.chart-stacks-label local",
  "debuffs enemy S-- target ··· → ability stacks ui.logs.chart-stacks-label local",
  "debuffs enemy S-- target win → ability stacks ui.logs.chart-stacks-label local",
  "debuffs enemy S-T · ··· → ability stacks ui.logs.chart-stacks-label local",
  "debuffs enemy S-T · win → ability stacks ui.logs.chart-stacks-label local",
  "debuffs enemy S-T source ··· → source stacks ui.logs.chart-stacks-label local",
  "debuffs enemy S-T source win → source stacks ui.logs.chart-stacks-label local",
  "debuffs enemy S-T ability ··· → ability stacks ui.logs.chart-stacks-label local",
  "debuffs enemy S-T ability win → ability stacks ui.logs.chart-stacks-label local",
  "debuffs enemy S-T target ··· → ability stacks ui.logs.chart-stacks-label local",
  "debuffs enemy S-T target win → ability stacks ui.logs.chart-stacks-label local",
  "debuffs enemy SA- · ··· → source stacks ui.logs.chart-stacks-label local",
  "debuffs enemy SA- · win → source stacks ui.logs.chart-stacks-label local",
  "debuffs enemy SA- source ··· → source stacks ui.logs.chart-stacks-label local",
  "debuffs enemy SA- source win → source stacks ui.logs.chart-stacks-label local",
  "debuffs enemy SA- ability ··· → ability stacks ui.logs.chart-stacks-label local",
  "debuffs enemy SA- ability win → ability stacks ui.logs.chart-stacks-label local",
  "debuffs enemy SA- target ··· → source stacks ui.logs.chart-stacks-label local",
  "debuffs enemy SA- target win → source stacks ui.logs.chart-stacks-label local",
  "debuffs enemy SAT · ··· → source stacks ui.logs.chart-stacks-label local",
  "debuffs enemy SAT · win → source stacks ui.logs.chart-stacks-label local",
  "debuffs enemy SAT source ··· → source stacks ui.logs.chart-stacks-label local",
  "debuffs enemy SAT source win → source stacks ui.logs.chart-stacks-label local",
  "debuffs enemy SAT ability ··· → ability stacks ui.logs.chart-stacks-label local",
  "debuffs enemy SAT ability win → ability stacks ui.logs.chart-stacks-label local",
  "debuffs enemy SAT target ··· → source stacks ui.logs.chart-stacks-label local",
  "debuffs enemy SAT target win → source stacks ui.logs.chart-stacks-label local",
]
`;
